<html>
<body>
<pre>
<h1>µVision Build Log</h1>
<h2>Tool Versions:</h2>
IDE-Version: ¦ÌVision V5.28.0.0
Copyright (C) 2019 ARM Ltd and ARM Germany GmbH. All rights reserved.
License Information: keqiudi@outlook.com,  , LIC=SDA0P-M5KKX-56HQ2-9I1KD-GC9LV-AWJ10
 
Tool Versions:
Toolchain:       MDK-ARM Plus  Version: 5.28.0.0
Toolchain Path:  C:\Users\keqiu\study\software\Keil_v5\ARM\ARMCC\Bin
C Compiler:      Armcc.exe V5.06 update 6 (build 750)
Assembler:       Armasm.exe V5.06 update 6 (build 750)
Linker/Locator:  ArmLink.exe V5.06 update 6 (build 750)
Library Manager: ArmAr.exe V5.06 update 6 (build 750)
Hex Converter:   FromElf.exe V5.06 update 6 (build 750)
CPU DLL:         SARMCM3.DLL V5.28.0.0
Dialog DLL:      DCM.DLL V1.17.3.0
Target DLL:      STLink\ST-LINKIII-KEIL_SWO.dll V3.0.6.0
Dialog DLL:      TCM.DLL V1.36.2.0
 
<h2>Project:</h2>
C:\Users\keqiu\study\code\SWatch\IAP_F411\MDK-ARM\IAP_F411.uvprojx
Project File Date:  04/23/2026

<h2>Output:</h2>
*** Using Compiler 'V5.06 update 6 (build 750)', folder: 'C:\Users\keqiu\study\software\Keil_v5\ARM\ARMCC\Bin'
Rebuild target 'IAP_F411'
assembling startup_stm32f411xe.s...
compiling stm32f4xx_ll_adc.c...
compiling tim.c...
compiling stm32f4xx_hal_msp.c...
compiling adc.c...
compiling usart.c...
compiling stm32f4xx_hal_flash.c...
compiling spi.c...
compiling delay.c...
compiling power.c...
..\BSP\POWER\power.c(90): warning:  #1035-D: single-precision operand implicitly converted to double-precision
  	if((voltage >= 4.2))
..\BSP\POWER\power.c(92): warning:  #1035-D: single-precision operand implicitly converted to double-precision
  	else if(voltage >= 4.06 && voltage <4.2)
..\BSP\POWER\power.c(92): warning:  #1035-D: single-precision operand implicitly converted to double-precision
  	else if(voltage >= 4.06 && voltage <4.2)
..\BSP\POWER\power.c(94): warning:  #1035-D: single-precision operand implicitly converted to double-precision
  	else if(voltage >= 3.98 && voltage <4.06)
..\BSP\POWER\power.c(94): warning:  #1035-D: single-precision operand implicitly converted to double-precision
  	else if(voltage >= 3.98 && voltage <4.06)
..\BSP\POWER\power.c(96): warning:  #1035-D: single-precision operand implicitly converted to double-precision
  	else if(voltage >= 3.92 && voltage <3.98)
..\BSP\POWER\power.c(96): warning:  #1035-D: single-precision operand implicitly converted to double-precision
  	else if(voltage >= 3.92 && voltage <3.98)
..\BSP\POWER\power.c(98): warning:  #1035-D: single-precision operand implicitly converted to double-precision
  	else if(voltage >= 3.87 && voltage <3.92)
..\BSP\POWER\power.c(98): warning:  #1035-D: single-precision operand implicitly converted to double-precision
  	else if(voltage >= 3.87 && voltage <3.92)
..\BSP\POWER\power.c(100): warning:  #1035-D: single-precision operand implicitly converted to double-precision
  	else if(voltage >= 3.82 && voltage <3.87)
..\BSP\POWER\power.c(100): warning:  #1035-D: single-precision operand implicitly converted to double-precision
  	else if(voltage >= 3.82 && voltage <3.87)
..\BSP\POWER\power.c(102): warning:  #1035-D: single-precision operand implicitly converted to double-precision
  	else if(voltage >= 3.79 && voltage <3.82)
..\BSP\POWER\power.c(102): warning:  #1035-D: single-precision operand implicitly converted to double-precision
  	else if(voltage >= 3.79 && voltage <3.82)
..\BSP\POWER\power.c(104): warning:  #1035-D: single-precision operand implicitly converted to double-precision
  	else if(voltage >= 3.77 && voltage <3.79)
..\BSP\POWER\power.c(104): warning:  #1035-D: single-precision operand implicitly converted to double-precision
  	else if(voltage >= 3.77 && voltage <3.79)
..\BSP\POWER\power.c(106): warning:  #1035-D: single-precision operand implicitly converted to double-precision
  	else if(voltage >= 3.74 && voltage <3.77)
..\BSP\POWER\power.c(106): warning:  #1035-D: single-precision operand implicitly converted to double-precision
  	else if(voltage >= 3.74 && voltage <3.77)
..\BSP\POWER\power.c(108): warning:  #1035-D: single-precision operand implicitly converted to double-precision
  	else if(voltage >= 3.68 && voltage <3.74)
..\BSP\POWER\power.c(108): warning:  #1035-D: single-precision operand implicitly converted to double-precision
  	else if(voltage >= 3.68 && voltage <3.74)
..\BSP\POWER\power.c(110): warning:  #1035-D: single-precision operand implicitly converted to double-precision
  	else if(voltage >= 3.45 && voltage <3.68)
..\BSP\POWER\power.c(110): warning:  #1035-D: single-precision operand implicitly converted to double-precision
  	else if(voltage >= 3.45 && voltage <3.68)
..\BSP\POWER\power.c: 21 warnings, 0 errors
compiling KT6328.c...
compiling gpio.c...
compiling stm32f4xx_hal_rcc_ex.c...
compiling main.c...
../Core/Src/main.c(156): warning:  #177-D: variable "str_flag"  was declared but never referenced
      char *str_flag;
../Core/Src/main.c: 1 warning, 0 errors
compiling key.c...
compiling lcd.c...
compiling stm32f4xx_hal_flash_ramfunc.c...
compiling lcd_init.c...
compiling stm32f4xx_it.c...
compiling stm32f4xx_hal_flash_ex.c...
compiling stm32f4xx_hal_gpio.c...
compiling stm32f4xx_hal_adc_ex.c...
compiling stm32f4xx_hal_rcc.c...
compiling stm32f4xx_hal_adc.c...
compiling stm32f4xx_hal_dma_ex.c...
compiling stm32f4xx_hal_dma.c...
compiling stm32f4xx_hal_pwr.c...
compiling stm32f4xx_hal_pwr_ex.c...
compiling stm32f4xx_hal.c...
compiling stm32f4xx_hal_cortex.c...
compiling stm32f4xx_hal_exti.c...
compiling system_stm32f4xx.c...
compiling flash_if.c...
compiling stm32f4xx_hal_spi.c...
compiling common.c...
compiling menu.c...
compiling ymodem.c...
compiling stm32f4xx_hal_uart.c...
compiling stm32f4xx_hal_tim_ex.c...
compiling stm32f4xx_hal_tim.c...
linking...
Program Size: Code=12680 RO-data=15616 RW-data=36 ZI-data=2636  
FromELF: creating hex file...
"IAP_F411\IAP_F411.axf" - 0 Error(s), 22 Warning(s).

<h2>Software Packages used:</h2>

Package Vendor: ARM
                http://www.keil.com/pack/ARM.CMSIS.5.5.1.pack
                ARM.CMSIS.5.5.1
                CMSIS (Cortex Microcontroller Software Interface Standard)
   * Component: CORE Version: 5.2.0

Package Vendor: Keil
                http://www.keil.com/pack/Keil.STM32F4xx_DFP.2.14.0.pack
                Keil.STM32F4xx_DFP.2.14.0
                STMicroelectronics STM32F4 Series Device Support, Drivers and Examples

<h2>Collection of Component include folders:</h2>
  .\RTE\_IAP_F411
  C:\Users\keqiu\study\software\Keil_v5\ARM\PACK\ARM\CMSIS\5.5.1\CMSIS\Core\Include
  C:\Users\keqiu\study\software\Keil_v5\ARM\PACK\Keil\STM32F4xx_DFP\2.14.0\Drivers\CMSIS\Device\ST\STM32F4xx\Include

<h2>Collection of Component Files used:</h2>

   * Component: ARM::CMSIS:CORE:5.2.0
Build Time Elapsed:  00:00:03
</pre>
</body>
</html>
