<html>
<body>
<pre>
<h1>µVision Build Log</h1>
<h2>Tool Versions:</h2>
IDE-Version: ¦ÌVision V5.28.0.0
Copyright (C) 2019 ARM Ltd and ARM Germany GmbH. All rights reserved.
License Information: keqiudi@outlook.com,  , LIC=SDA0P-M5KKX-56HQ2-9I1KD-GC9LV-AWJ10
 
Tool Versions:
Toolchain:       MDK-ARM Plus  Version: 5.28.0.0
Toolchain Path:  C:\Users\keqiu\study\software\Keil_v5\ARM\ARMCC\Bin
C Compiler:      Armcc.exe V5.06 update 6 (build 750)
Assembler:       Armasm.exe V5.06 update 6 (build 750)
Linker/Locator:  ArmLink.exe V5.06 update 6 (build 750)
Library Manager: ArmAr.exe V5.06 update 6 (build 750)
Hex Converter:   FromElf.exe V5.06 update 6 (build 750)
CPU DLL:         SARMCM3.DLL V5.28.0.0
Dialog DLL:      DCM.DLL V1.17.3.0
Target DLL:      Segger\JL2CM3.dll V2.99.36.0
Dialog DLL:      TCM.DLL V1.36.2.0
 
<h2>Project:</h2>
C:\Users\keqiu\study\code\SWatch\SoftWare\MDK-ARM\SWatch.uvprojx
Project File Date:  03/18/2026

<h2>Output:</h2>
*** Using Compiler 'V5.06 update 6 (build 750)', folder: 'C:\Users\keqiu\study\software\Keil_v5\ARM\ARMCC\Bin'
Build target 'SWatch'
compiling hw_interface.c...
../APP/User/HWInterface/Inc/device.h(19): warning:  #1-D: last line of file ends without a newline
  #endif
../APP/User/HWInterface/Inc/hw_aht20_interface.h(19): warning:  #1-D: last line of file ends without a newline
  #endif
../APP/User/HWInterface/Inc/hw_mpu6050_interface.h(26): warning:  #1-D: last line of file ends without a newline
  #endif
../APP/User/HWInterface/Inc/hw_barometer_interface.h(15): warning:  #1-D: last line of file ends without a newline
  #endif 
../APP/User/HWInterface/Inc/hw_ecompass_interface.h(16): warning:  #1-D: last line of file ends without a newline
  #endif // __HW_ECOMPASS_INTERFACE_H
../APP/User/HWInterface/Inc/hw_hrsensor_interface.h(18): warning:  #1-D: last line of file ends without a newline
  #endif // HW_HRSENSOR_INTERFACE_
../APP/User/HWInterface/Inc/hw_ble_interface.h(19): warning:  #1-D: last line of file ends without a newline
  #endif /* HW_BLE_INTERFACE_H */
../APP/User/HWInterface/Inc/hw_interface.h(29): warning:  #1-D: last line of file ends without a newline
  #endif
..\APP\User\HWInterface\Src\hw_interface.c(14): warning:  #1-D: last line of file ends without a newline
  };
..\APP\User\HWInterface\Src\hw_interface.c: 9 warnings, 0 errors
compiling ui_HeartRatePage.c...
../Middlewares/lvgl/src/drivers/uefi/lv_uefi_context.h(71): warning:  #1-D: last line of file ends without a newline
  #endif //__LV_UEFI_CONTEXT_H__
../Middlewares/lvgl/src/drivers/uefi/lv_uefi_indev.h(108): warning:  #1-D: last line of file ends without a newline
  #endif //__LV_UEFI_INDEV_H__
../Middlewares/lvgl/src/drivers/uefi/lv_uefi_display.h(65): warning:  #1-D: last line of file ends without a newline
  #endif //__LV_UEFI_DISPLAY_H__
../APP/User/UI/screens/Inc/../../../Utils/Inc/page_manager.h(27): warning:  #1295-D: Deprecated declaration pages_init - give arg types
  void pages_init();
../APP/User/UI/screens/Inc/../../../Utils/Inc/page_manager.h(31): warning:  #1295-D: Deprecated declaration page_back - give arg types
  void page_back();
../APP/User/UI/screens/Inc/../../../Utils/Inc/page_manager.h(33): warning:  #1295-D: Deprecated declaration get_top_page - give arg types
  page_t* get_top_page();
../APP/User/UI/screens/Inc/../../../Utils/Inc/page_manager.h(35): warning:  #1-D: last line of file ends without a newline
  #endif 
../APP/User/HWInterface/Inc/device.h(19): warning:  #1-D: last line of file ends without a newline
  #endif
../APP/User/HWInterface/Inc/hw_aht20_interface.h(19): warning:  #1-D: last line of file ends without a newline
  #endif
../APP/User/HWInterface/Inc/hw_mpu6050_interface.h(26): warning:  #1-D: last line of file ends without a newline
  #endif
../APP/User/HWInterface/Inc/hw_barometer_interface.h(15): warning:  #1-D: last line of file ends without a newline
  #endif 
../APP/User/HWInterface/Inc/hw_ecompass_interface.h(16): warning:  #1-D: last line of file ends without a newline
  #endif // __HW_ECOMPASS_INTERFACE_H
../APP/User/HWInterface/Inc/hw_hrsensor_interface.h(18): warning:  #1-D: last line of file ends without a newline
  #endif // HW_HRSENSOR_INTERFACE_
../APP/User/HWInterface/Inc/hw_ble_interface.h(19): warning:  #1-D: last line of file ends without a newline
  #endif /* HW_BLE_INTERFACE_H */
../APP/User/HWInterface/Inc/hw_interface.h(29): warning:  #1-D: last line of file ends without a newline
  #endif
..\APP\User\UI\screens\Src\ui_HeartRatePage.c(37): warning:  #223-D: function "sprintf" declared implicitly
      sprintf(value_strbuf, "%d", hw_interface.hw_hrsensor_interface->hr_rate);
..\APP\User\UI\screens\Src\ui_HeartRatePage.c(38): warning:  #167-D: argument of type "uint8_t *" is incompatible with parameter of type "const char *"
      lv_label_set_text(ui_HeartRateNumLabel, value_strbuf);
..\APP\User\UI\screens\Src\ui_HeartRatePage.c(143): warning:  #1-D: last line of file ends without a newline
  };
..\APP\User\UI\screens\Src\ui_HeartRatePage.c: 18 warnings, 0 errors
compiling ui_EnvironmentPage.c...
../Middlewares/lvgl/src/drivers/uefi/lv_uefi_context.h(71): warning:  #1-D: last line of file ends without a newline
  #endif //__LV_UEFI_CONTEXT_H__
../Middlewares/lvgl/src/drivers/uefi/lv_uefi_indev.h(108): warning:  #1-D: last line of file ends without a newline
  #endif //__LV_UEFI_INDEV_H__
../Middlewares/lvgl/src/drivers/uefi/lv_uefi_display.h(65): warning:  #1-D: last line of file ends without a newline
  #endif //__LV_UEFI_DISPLAY_H__
../APP/User/UI/screens/Inc/../../../Utils/Inc/page_manager.h(27): warning:  #1295-D: Deprecated declaration pages_init - give arg types
  void pages_init();
../APP/User/UI/screens/Inc/../../../Utils/Inc/page_manager.h(31): warning:  #1295-D: Deprecated declaration page_back - give arg types
  void page_back();
../APP/User/UI/screens/Inc/../../../Utils/Inc/page_manager.h(33): warning:  #1295-D: Deprecated declaration get_top_page - give arg types
  page_t* get_top_page();
../APP/User/UI/screens/Inc/../../../Utils/Inc/page_manager.h(35): warning:  #1-D: last line of file ends without a newline
  #endif 
../APP/User/HWInterface/Inc/device.h(19): warning:  #1-D: last line of file ends without a newline
  #endif
../APP/User/HWInterface/Inc/hw_aht20_interface.h(19): warning:  #1-D: last line of file ends without a newline
  #endif
../APP/User/HWInterface/Inc/hw_mpu6050_interface.h(26): warning:  #1-D: last line of file ends without a newline
  #endif
../APP/User/HWInterface/Inc/hw_barometer_interface.h(15): warning:  #1-D: last line of file ends without a newline
  #endif 
../APP/User/HWInterface/Inc/hw_ecompass_interface.h(16): warning:  #1-D: last line of file ends without a newline
  #endif // __HW_ECOMPASS_INTERFACE_H
../APP/User/HWInterface/Inc/hw_hrsensor_interface.h(18): warning:  #1-D: last line of file ends without a newline
  #endif // HW_HRSENSOR_INTERFACE_
../APP/User/HWInterface/Inc/hw_ble_interface.h(19): warning:  #1-D: last line of file ends without a newline
  #endif /* HW_BLE_INTERFACE_H */
../APP/User/HWInterface/Inc/hw_interface.h(29): warning:  #1-D: last line of file ends without a newline
  #endif
../APP/User/Tasks/Inc/user_task_init.h(12): warning:  #1295-D: Deprecated declaration user_tasks_init - give arg types
  void user_tasks_init();
../APP/User/Tasks/Inc/user_task_init.h(14): warning:  #1-D: last line of file ends without a newline
  #endif
../APP/User/Tasks/Inc/user_sensor_task.h(15): warning:  #1-D: last line of file ends without a newline
  #endif
..\APP\User\UI\screens\Src\ui_EnvironmentPage.c: 18 warnings, 0 errors
compiling ui_CompassPage.c...
../Middlewares/lvgl/src/drivers/uefi/lv_uefi_context.h(71): warning:  #1-D: last line of file ends without a newline
  #endif //__LV_UEFI_CONTEXT_H__
../Middlewares/lvgl/src/drivers/uefi/lv_uefi_indev.h(108): warning:  #1-D: last line of file ends without a newline
  #endif //__LV_UEFI_INDEV_H__
../Middlewares/lvgl/src/drivers/uefi/lv_uefi_display.h(65): warning:  #1-D: last line of file ends without a newline
  #endif //__LV_UEFI_DISPLAY_H__
../APP/User/UI/screens/Inc/../../../Utils/Inc/page_manager.h(27): warning:  #1295-D: Deprecated declaration pages_init - give arg types
  void pages_init();
../APP/User/UI/screens/Inc/../../../Utils/Inc/page_manager.h(31): warning:  #1295-D: Deprecated declaration page_back - give arg types
  void page_back();
../APP/User/UI/screens/Inc/../../../Utils/Inc/page_manager.h(33): warning:  #1295-D: Deprecated declaration get_top_page - give arg types
  page_t* get_top_page();
../APP/User/UI/screens/Inc/../../../Utils/Inc/page_manager.h(35): warning:  #1-D: last line of file ends without a newline
  #endif 
../APP/User/HWInterface/Inc/device.h(19): warning:  #1-D: last line of file ends without a newline
  #endif
../APP/User/HWInterface/Inc/hw_aht20_interface.h(19): warning:  #1-D: last line of file ends without a newline
  #endif
../APP/User/HWInterface/Inc/hw_mpu6050_interface.h(26): warning:  #1-D: last line of file ends without a newline
  #endif
../APP/User/HWInterface/Inc/hw_barometer_interface.h(15): warning:  #1-D: last line of file ends without a newline
  #endif 
../APP/User/HWInterface/Inc/hw_ecompass_interface.h(16): warning:  #1-D: last line of file ends without a newline
  #endif // __HW_ECOMPASS_INTERFACE_H
../APP/User/HWInterface/Inc/hw_hrsensor_interface.h(18): warning:  #1-D: last line of file ends without a newline
  #endif // HW_HRSENSOR_INTERFACE_
../APP/User/HWInterface/Inc/hw_ble_interface.h(19): warning:  #1-D: last line of file ends without a newline
  #endif /* HW_BLE_INTERFACE_H */
../APP/User/HWInterface/Inc/hw_interface.h(29): warning:  #1-D: last line of file ends without a newline
  #endif
../APP/User/Tasks/Inc/user_task_init.h(12): warning:  #1295-D: Deprecated declaration user_tasks_init - give arg types
  void user_tasks_init();
../APP/User/Tasks/Inc/user_task_init.h(14): warning:  #1-D: last line of file ends without a newline
  #endif
../APP/User/Tasks/Inc/user_sensor_task.h(15): warning:  #1-D: last line of file ends without a newline
  #endif
..\APP\User\UI\screens\Src\ui_CompassPage.c(48): warning:  #223-D: function "sprintf" declared implicitly
      sprintf(disp_buffer, "%d", hw_interface.hw_ecompass_interface->direction);
..\APP\User\UI\screens\Src\ui_CompassPage.c(49): warning:  #167-D: argument of type "uint8_t *" is incompatible with parameter of type "const char *"
      lv_label_set_text(ui_AngelNum, disp_buffer);
..\APP\User\UI\screens\Src\ui_CompassPage.c(53): warning:  #167-D: argument of type "uint8_t *" is incompatible with parameter of type "const char *"
      lv_label_set_text(ui_AltitudeColonIcon, disp_buffer);
..\APP\User\UI\screens\Src\ui_CompassPage.c(124): warning:  #188-D: enumerated type mixed with another type
      lv_obj_remove_flag(ui_CompassAngleBtn, LV_OBJ_FLAG_CLICKABLE | LV_OBJ_FLAG_SCROLLABLE);      /// Flags
..\APP\User\UI\screens\Src\ui_CompassPage.c(163): warning:  #188-D: enumerated type mixed with another type
      lv_obj_remove_flag(ui_CompassAltitudeBtn, LV_OBJ_FLAG_CLICKABLE | LV_OBJ_FLAG_SCROLLABLE);      /// Flags
..\APP\User\UI\screens\Src\ui_CompassPage.c(250): warning:  #1-D: last line of file ends without a newline
  };
..\APP\User\UI\screens\Src\ui_CompassPage.c: 24 warnings, 0 errors
compiling ui_SettingMenuPage.c...
../Middlewares/lvgl/src/drivers/uefi/lv_uefi_context.h(71): warning:  #1-D: last line of file ends without a newline
  #endif //__LV_UEFI_CONTEXT_H__
../Middlewares/lvgl/src/drivers/uefi/lv_uefi_indev.h(108): warning:  #1-D: last line of file ends without a newline
  #endif //__LV_UEFI_INDEV_H__
../Middlewares/lvgl/src/drivers/uefi/lv_uefi_display.h(65): warning:  #1-D: last line of file ends without a newline
  #endif //__LV_UEFI_DISPLAY_H__
../APP/User/UI/screens/Inc/../../../Utils/Inc/page_manager.h(27): warning:  #1295-D: Deprecated declaration pages_init - give arg types
  void pages_init();
../APP/User/UI/screens/Inc/../../../Utils/Inc/page_manager.h(31): warning:  #1295-D: Deprecated declaration page_back - give arg types
  void page_back();
../APP/User/UI/screens/Inc/../../../Utils/Inc/page_manager.h(33): warning:  #1295-D: Deprecated declaration get_top_page - give arg types
  page_t* get_top_page();
../APP/User/UI/screens/Inc/../../../Utils/Inc/page_manager.h(35): warning:  #1-D: last line of file ends without a newline
  #endif 
../APP/User/HWInterface/Inc/device.h(19): warning:  #1-D: last line of file ends without a newline
  #endif
../APP/User/HWInterface/Inc/hw_aht20_interface.h(19): warning:  #1-D: last line of file ends without a newline
  #endif
../APP/User/HWInterface/Inc/hw_mpu6050_interface.h(26): warning:  #1-D: last line of file ends without a newline
  #endif
../APP/User/HWInterface/Inc/hw_barometer_interface.h(15): warning:  #1-D: last line of file ends without a newline
  #endif 
../APP/User/HWInterface/Inc/hw_ecompass_interface.h(16): warning:  #1-D: last line of file ends without a newline
  #endif // __HW_ECOMPASS_INTERFACE_H
../APP/User/HWInterface/Inc/hw_hrsensor_interface.h(18): warning:  #1-D: last line of file ends without a newline
  #endif // HW_HRSENSOR_INTERFACE_
../APP/User/HWInterface/Inc/hw_ble_interface.h(19): warning:  #1-D: last line of file ends without a newline
  #endif /* HW_BLE_INTERFACE_H */
../APP/User/HWInterface/Inc/hw_interface.h(29): warning:  #1-D: last line of file ends without a newline
  #endif
..\APP\User\UI\screens\Src\ui_SettingMenuPage.c(143): warning:  #188-D: enumerated type mixed with another type
      lv_obj_remove_flag(ui_LightTimeButton, LV_OBJ_FLAG_CLICKABLE | LV_OBJ_FLAG_SCROLLABLE);      /// Flags
..\APP\User\UI\screens\Src\ui_SettingMenuPage.c(183): warning:  #188-D: enumerated type mixed with another type
      lv_obj_remove_flag(ui_ScrrenOffButton, LV_OBJ_FLAG_CLICKABLE | LV_OBJ_FLAG_SCROLLABLE);      /// Flags
..\APP\User\UI\screens\Src\ui_SettingMenuPage.c(221): warning:  #188-D: enumerated type mixed with another type
      lv_obj_remove_flag(ui_DataTimeButton, LV_OBJ_FLAG_CLICKABLE | LV_OBJ_FLAG_SCROLLABLE);      /// Flags
..\APP\User\UI\screens\Src\ui_SettingMenuPage.c(249): warning:  #188-D: enumerated type mixed with another type
      lv_obj_remove_flag(ui_MenuWristUpPanel, LV_OBJ_FLAG_CLICKABLE | LV_OBJ_FLAG_SCROLLABLE);      /// Flags
..\APP\User\UI\screens\Src\ui_SettingMenuPage.c(263): warning:  #188-D: enumerated type mixed with another type
      lv_obj_remove_flag(ui_WristUpButton, LV_OBJ_FLAG_CLICKABLE | LV_OBJ_FLAG_SCROLLABLE);      /// Flags
..\APP\User\UI\screens\Src\ui_SettingMenuPage.c(310): warning:  #188-D: enumerated type mixed with another type
      lv_obj_remove_flag(ui_PwdSetButton, LV_OBJ_FLAG_CLICKABLE | LV_OBJ_FLAG_SCROLLABLE);      /// Flags
..\APP\User\UI\screens\Src\ui_SettingMenuPage.c(400): warning:  #1-D: last line of file ends without a newline
  };
..\APP\User\UI\screens\Src\ui_SettingMenuPage.c: 22 warnings, 0 errors
compiling hw_ble_interface.c...
../APP/User/HWInterface/Inc/device.h(19): warning:  #1-D: last line of file ends without a newline
  #endif
../APP/User/HWInterface/Inc/hw_ble_interface.h(19): warning:  #1-D: last line of file ends without a newline
  #endif /* HW_BLE_INTERFACE_H */
../BSP/KT6368/bsp_kt6368.h(19): warning:  #1-D: last line of file ends without a newline
  #endif // __BSP_KT6368_H__
..\APP\User\HWInterface\Src\hw_ble_interface.c(27): warning:  #1-D: last line of file ends without a newline
  };
..\APP\User\HWInterface\Src\hw_ble_interface.c: 4 warnings, 0 errors
compiling user_hw_init.c...
../APP/User/Tasks/Inc/user_hw_init.h(8): warning:  #1-D: last line of file ends without a newline
  #endif
../APP/User/Tasks/Inc/user_task_init.h(12): warning:  #1295-D: Deprecated declaration user_tasks_init - give arg types
  void user_tasks_init();
../APP/User/Tasks/Inc/user_task_init.h(14): warning:  #1-D: last line of file ends without a newline
  #endif
../BSP/LCD/bsp_lcd_st7789.h(60): warning:  #1-D: last line of file ends without a newline
  #endif
../BSP/LCD/bsp_lcd.h(12): warning:  #1295-D: Deprecated declaration LCD_Open_BackLight - give arg types
  void LCD_Open_BackLight();
../BSP/LCD/bsp_lcd.h(13): warning:  #1295-D: Deprecated declaration LCD_Close_BackLight - give arg types
  void LCD_Close_BackLight();
../BSP/LCD/bsp_lcd.h(39): warning:  #1-D: last line of file ends without a newline
  #endif
../BSP/CST816T/bsp_touch_cst816t.h(147): warning:  #1-D: last line of file ends without a newline
  #endif
../BSP/KEY/bsp_key.h(16): warning:  #1295-D: Deprecated declaration key_gpio_init - give arg types
  void key_gpio_init();
../BSP/KEY/bsp_key.h(17): warning:  #1295-D: Deprecated declaration key_interrupt_callback - give arg types
  void key_interrupt_callback();
../BSP/KEY/bsp_key.h(21): warning:  #1-D: last line of file ends without a newline
  #endif
../Middlewares/lvgl/src/drivers/uefi/lv_uefi_context.h(71): warning:  #1-D: last line of file ends without a newline
  #endif //__LV_UEFI_CONTEXT_H__
../Middlewares/lvgl/src/drivers/uefi/lv_uefi_indev.h(108): warning:  #1-D: last line of file ends without a newline
  #endif //__LV_UEFI_INDEV_H__
../Middlewares/lvgl/src/drivers/uefi/lv_uefi_display.h(65): warning:  #1-D: last line of file ends without a newline
  #endif //__LV_UEFI_DISPLAY_H__
../APP/User/UI/../Utils/Inc/page_manager.h(27): warning:  #1295-D: Deprecated declaration pages_init - give arg types
  void pages_init();
../APP/User/UI/../Utils/Inc/page_manager.h(31): warning:  #1295-D: Deprecated declaration page_back - give arg types
  void page_back();
../APP/User/UI/../Utils/Inc/page_manager.h(33): warning:  #1295-D: Deprecated declaration get_top_page - give arg types
  page_t* get_top_page();
../APP/User/UI/../Utils/Inc/page_manager.h(35): warning:  #1-D: last line of file ends without a newline
  #endif 
../APP/User/HWInterface/Inc/device.h(19): warning:  #1-D: last line of file ends without a newline
  #endif
../APP/User/HWInterface/Inc/hw_aht20_interface.h(19): warning:  #1-D: last line of file ends without a newline
  #endif
../APP/User/HWInterface/Inc/hw_mpu6050_interface.h(26): warning:  #1-D: last line of file ends without a newline
  #endif
../APP/User/HWInterface/Inc/hw_barometer_interface.h(15): warning:  #1-D: last line of file ends without a newline
  #endif 
../APP/User/HWInterface/Inc/hw_ecompass_interface.h(16): warning:  #1-D: last line of file ends without a newline
  #endif // __HW_ECOMPASS_INTERFACE_H
../APP/User/HWInterface/Inc/hw_hrsensor_interface.h(18): warning:  #1-D: last line of file ends without a newline
  #endif // HW_HRSENSOR_INTERFACE_
../APP/User/HWInterface/Inc/hw_ble_interface.h(19): warning:  #1-D: last line of file ends without a newline
  #endif /* HW_BLE_INTERFACE_H */
../APP/User/HWInterface/Inc/hw_interface.h(29): warning:  #1-D: last line of file ends without a newline
  #endif
..\APP\User\Tasks\Src\user_hw_init.c: 26 warnings, 0 errors
compiling user_sensor_task.c...
../APP/User/HWInterface/Inc/device.h(19): warning:  #1-D: last line of file ends without a newline
  #endif
../APP/User/HWInterface/Inc/hw_aht20_interface.h(19): warning:  #1-D: last line of file ends without a newline
  #endif
../APP/User/HWInterface/Inc/hw_mpu6050_interface.h(26): warning:  #1-D: last line of file ends without a newline
  #endif
../APP/User/HWInterface/Inc/hw_barometer_interface.h(15): warning:  #1-D: last line of file ends without a newline
  #endif 
../APP/User/HWInterface/Inc/hw_ecompass_interface.h(16): warning:  #1-D: last line of file ends without a newline
  #endif // __HW_ECOMPASS_INTERFACE_H
../APP/User/HWInterface/Inc/hw_hrsensor_interface.h(18): warning:  #1-D: last line of file ends without a newline
  #endif // HW_HRSENSOR_INTERFACE_
../APP/User/HWInterface/Inc/hw_ble_interface.h(19): warning:  #1-D: last line of file ends without a newline
  #endif /* HW_BLE_INTERFACE_H */
../APP/User/HWInterface/Inc/hw_interface.h(29): warning:  #1-D: last line of file ends without a newline
  #endif
../APP/User/Tasks/Inc/user_task_init.h(12): warning:  #1295-D: Deprecated declaration user_tasks_init - give arg types
  void user_tasks_init();
../APP/User/Tasks/Inc/user_task_init.h(14): warning:  #1-D: last line of file ends without a newline
  #endif
../APP/User/Tasks/Inc/user_sensor_task.h(15): warning:  #1-D: last line of file ends without a newline
  #endif
../Middlewares/lvgl/src/drivers/uefi/lv_uefi_context.h(71): warning:  #1-D: last line of file ends without a newline
  #endif //__LV_UEFI_CONTEXT_H__
../Middlewares/lvgl/src/drivers/uefi/lv_uefi_indev.h(108): warning:  #1-D: last line of file ends without a newline
  #endif //__LV_UEFI_INDEV_H__
../Middlewares/lvgl/src/drivers/uefi/lv_uefi_display.h(65): warning:  #1-D: last line of file ends without a newline
  #endif //__LV_UEFI_DISPLAY_H__
../APP/User/Utils/Inc/page_manager.h(27): warning:  #1295-D: Deprecated declaration pages_init - give arg types
  void pages_init();
../APP/User/Utils/Inc/page_manager.h(31): warning:  #1295-D: Deprecated declaration page_back - give arg types
  void page_back();
../APP/User/Utils/Inc/page_manager.h(33): warning:  #1295-D: Deprecated declaration get_top_page - give arg types
  page_t* get_top_page();
../APP/User/Utils/Inc/page_manager.h(35): warning:  #1-D: last line of file ends without a newline
  #endif 
../BSP/EM7028/my_queue.h(26): warning:  #1-D: last line of file ends without a newline
  #endif
../BSP/EM7028/hr_algorithm.h(14): warning:  #1-D: last line of file ends without a newline
  #endif
../BSP/SPL06/bsp_spl06.h(117): warning:  #1295-D: Deprecated declaration spl06_sleep - give arg types
  void spl06_sleep();
../BSP/SPL06/bsp_spl06.h(118): warning:  #1295-D: Deprecated declaration spl06_wakeup - give arg types
  void spl06_wakeup();
../BSP/SPL06/bsp_spl06.h(119): warning:  #1295-D: Deprecated declaration spl006_get_id - give arg types
  uint8_t spl006_get_id();
../BSP/SPL06/bsp_spl06.h(121): warning:  #1295-D: Deprecated declaration spl06_calculate_pressure - give arg types
  float spl06_calculate_pressure();
../BSP/SPL06/bsp_spl06.h(122): warning:  #1295-D: Deprecated declaration spl06_calculate_temp - give arg types
  float spl06_calculate_temp();
../BSP/SPL06/bsp_spl06.h(123): warning:  #1295-D: Deprecated declaration spl06_calculate_altitude - give arg types
  float spl06_calculate_altitude();
../BSP/MPU6050/bsp_mpu6050.h(161): warning:  #1295-D: Deprecated declaration mpu6050_i2c_pin_init - give arg types
  void mpu6050_i2c_pin_init();
../BSP/MPU6050/bsp_mpu6050.h(162): warning:  #1295-D: Deprecated declaration mpu6050_init - give arg types
  uint8_t mpu6050_init();
../BSP/MPU6050/bsp_mpu6050.h(163): warning:  #1295-D: Deprecated declaration mpu6050_reset - give arg types
  uint8_t mpu6050_reset();
../BSP/MPU6050/bsp_mpu6050.h(274): warning:  #1295-D: Deprecated declaration mpu6050_get_id - give arg types
  uint8_t mpu6050_get_id();
../BSP/MPU6050/bsp_mpu6050.h(304): warning:  #1295-D: Deprecated declaration mpu6050_is_horizontal - give arg types
  uint8_t mpu6050_is_horizontal();
../BSP/MPU6050/bsp_mpu6050.h(306): warning:  #1-D: last line of file ends without a newline
  #endif
../BSP/LSM303DLHC/bsp_lsm303dlhc.h(79): warning:  #1-D: last line of file ends without a newline
  #endif
../BSP/EM7028/bsp_em7028.h(60): warning:  #1-D: last line of file ends without a newline
  #endif
..\APP\User\Tasks\Src\user_sensor_task.c(64): warning:  #177-D: variable "spo2"  was declared but never referenced
  	uint8_t hr_rate,spo2;
..\APP\User\Tasks\Src\user_sensor_task.c(169): warning:  #1-D: last line of file ends without a newline
  	
..\APP\User\Tasks\Src\user_sensor_task.c: 36 warnings, 0 errors
linking...
Program Size: Code=313196 RO-data=116160 RW-data=1692 ZI-data=116220  
FromELF: creating hex file...
"SWatch\SWatch.axf" - 0 Error(s), 157 Warning(s).

<h2>Software Packages used:</h2>

Package Vendor: ARM
                http://www.keil.com/pack/ARM.CMSIS.5.5.1.pack
                ARM.CMSIS.5.5.1
                CMSIS (Cortex Microcontroller Software Interface Standard)
   * Component: CORE Version: 5.2.0

Package Vendor: Keil
                http://www.keil.com/pack/Keil.STM32F4xx_DFP.2.14.0.pack
                Keil.STM32F4xx_DFP.2.14.0
                STMicroelectronics STM32F4 Series Device Support, Drivers and Examples

<h2>Collection of Component include folders:</h2>
  .\RTE\_SWatch
  C:\Users\keqiu\study\software\Keil_v5\ARM\PACK\ARM\CMSIS\5.5.1\CMSIS\Core\Include
  C:\Users\keqiu\study\software\Keil_v5\ARM\PACK\Keil\STM32F4xx_DFP\2.14.0\Drivers\CMSIS\Device\ST\STM32F4xx\Include

<h2>Collection of Component Files used:</h2>

   * Component: ARM::CMSIS:CORE:5.2.0
Build Time Elapsed:  00:00:19
</pre>
</body>
</html>
