<html>
<body>
<pre>
<h1>µVision Build Log</h1>
<h2>Tool Versions:</h2>
IDE-Version: ¦ÌVision V5.28.0.0
Copyright (C) 2019 ARM Ltd and ARM Germany GmbH. All rights reserved.
License Information: keqiudi@outlook.com,  , LIC=SDA0P-M5KKX-56HQ2-9I1KD-GC9LV-AWJ10
 
Tool Versions:
Toolchain:       MDK-ARM Plus  Version: 5.28.0.0
Toolchain Path:  C:\Users\keqiu\study\software\Keil_v5\ARM\ARMCC\Bin
C Compiler:      Armcc.exe V5.06 update 6 (build 750)
Assembler:       Armasm.exe V5.06 update 6 (build 750)
Linker/Locator:  ArmLink.exe V5.06 update 6 (build 750)
Library Manager: ArmAr.exe V5.06 update 6 (build 750)
Hex Converter:   FromElf.exe V5.06 update 6 (build 750)
CPU DLL:         SARMCM3.DLL V5.28.0.0
Dialog DLL:      DCM.DLL V1.17.3.0
Target DLL:      Segger\JL2CM3.dll V2.99.36.0
Dialog DLL:      TCM.DLL V1.36.2.0
 
<h2>Project:</h2>
C:\Users\keqiu\study\code\SWatch\SoftWare\MDK-ARM\SWatch.uvprojx
Project File Date:  03/18/2026

<h2>Output:</h2>
*** Using Compiler 'V5.06 update 6 (build 750)', folder: 'C:\Users\keqiu\study\software\Keil_v5\ARM\ARMCC\Bin'
Build target 'SWatch'
compiling user_wdog_task.c...
../APP/User/Tasks/Inc/user_wdog_task.h(14): warning:  #1-D: last line of file ends without a newline
  #endif /* USER_WDOG_TASK_H */
../BSP/WDOG/bsp_wdog.h(15): warning:  #1-D: last line of file ends without a newline
  #endif // BSP_WDOG_H
../APP/User/Tasks/Inc/user_task_init.h(12): warning:  #1295-D: Deprecated declaration user_tasks_init - give arg types
  void user_tasks_init();
../APP/User/Tasks/Inc/user_task_init.h(14): warning:  #1-D: last line of file ends without a newline
  #endif
..\..\..\myProjects\keilProjects\SWatch\SoftWare\APP\User\Tasks\Src\user_wdog_task.c(14): warning:  #1-D: last line of file ends without a newline
  }
..\..\..\myProjects\keilProjects\SWatch\SoftWare\APP\User\Tasks\Src\user_wdog_task.c: 5 warnings, 0 errors
linking...
Program Size: Code=311188 RO-data=116160 RW-data=1676 ZI-data=115956  
FromELF: creating hex file...
"SWatch\SWatch.axf" - 0 Error(s), 5 Warning(s).

<h2>Software Packages used:</h2>

Package Vendor: ARM
                http://www.keil.com/pack/ARM.CMSIS.5.5.1.pack
                ARM.CMSIS.5.5.1
                CMSIS (Cortex Microcontroller Software Interface Standard)
   * Component: CORE Version: 5.2.0

Package Vendor: Keil
                http://www.keil.com/pack/Keil.STM32F4xx_DFP.2.14.0.pack
                Keil.STM32F4xx_DFP.2.14.0
                STMicroelectronics STM32F4 Series Device Support, Drivers and Examples

<h2>Collection of Component include folders:</h2>
  .\RTE\_SWatch
  C:\Users\keqiu\study\software\Keil_v5\ARM\PACK\ARM\CMSIS\5.5.1\CMSIS\Core\Include
  C:\Users\keqiu\study\software\Keil_v5\ARM\PACK\Keil\STM32F4xx_DFP\2.14.0\Drivers\CMSIS\Device\ST\STM32F4xx\Include

<h2>Collection of Component Files used:</h2>

   * Component: ARM::CMSIS:CORE:5.2.0
Build Time Elapsed:  00:00:10
</pre>
</body>
</html>
