<html>
<body>
<pre>
<h1>µVision Build Log</h1>
<h2>Tool Versions:</h2>
IDE-Version: ¦ÌVision V5.28.0.0
Copyright (C) 2019 ARM Ltd and ARM Germany GmbH. All rights reserved.
License Information: ke qiudi, 111, LIC=LSNXV-PJ7DF-KP7ZY-ISVIB-41UVE-MGPHM
 
Tool Versions:
Toolchain:       MDK-ARM Plus  Version: 5.28.0.0
Toolchain Path:  C:\Users\keqiu\study\ARM\ARMCC\Bin
C Compiler:      Armcc.exe V5.06 update 6 (build 750)
Assembler:       Armasm.exe V5.06 update 6 (build 750)
Linker/Locator:  ArmLink.exe V5.06 update 6 (build 750)
Library Manager: ArmAr.exe V5.06 update 6 (build 750)
Hex Converter:   FromElf.exe V5.06 update 6 (build 750)
CPU DLL:         SARMCM3.DLL V5.28.0.0
Dialog DLL:      DCM.DLL V1.17.3.0
Target DLL:      STLink\ST-LINKIII-KEIL_SWO.dll V3.0.6.0
Dialog DLL:      TCM.DLL V1.36.2.0
 
<h2>Project:</h2>
C:\Users\keqiu\myProjects\keilProjects\SWatch\MDK-ARM\SWatch.uvprojx
Project File Date:  08/08/2025

<h2>Output:</h2>
*** Using Compiler 'V5.06 update 6 (build 750)', folder: 'C:\Users\keqiu\study\ARM\ARMCC\Bin'
Build target 'SWatch'
compiling user_hw_init.c...
../APP/User/Tasks/Inc/user_hw_init.h(7): warning:  #1295-D: Deprecated declaration User_Hw_Init - give arg types
  void User_Hw_Init();
../APP/User/Tasks/Inc/user_hw_init.h(9): warning:  #1-D: last line of file ends without a newline
  #endif
../APP/User/Tasks/Inc/user_task_init.h(10): warning:  #1295-D: Deprecated declaration User_Tasks_Init - give arg types
  void User_Tasks_Init();
../APP/User/Tasks/Inc/user_task_init.h(12): warning:  #1-D: last line of file ends without a newline
  #endif
../BSP/LCD/bsp_lcd_st7789.h(60): warning:  #1-D: last line of file ends without a newline
  #endif
../BSP/LCD/bsp_lcd.h(12): warning:  #1295-D: Deprecated declaration LCD_Open_BackLight - give arg types
  void LCD_Open_BackLight();
../BSP/LCD/bsp_lcd.h(13): warning:  #1295-D: Deprecated declaration LCD_Close_BackLight - give arg types
  void LCD_Close_BackLight();
../BSP/LCD/bsp_lcd.h(39): warning:  #1-D: last line of file ends without a newline
  #endif
../BSP/CST816T/bsp_touch_cst816t.h(147): warning:  #1-D: last line of file ends without a newline
  #endif
../Middlewares/lvgl/src/drivers/uefi/lv_uefi_context.h(71): warning:  #1-D: last line of file ends without a newline
  #endif //__LV_UEFI_CONTEXT_H__
../Middlewares/lvgl/src/drivers/uefi/lv_uefi_indev.h(108): warning:  #1-D: last line of file ends without a newline
  #endif //__LV_UEFI_INDEV_H__
../Middlewares/lvgl/src/drivers/uefi/lv_uefi_display.h(65): warning:  #1-D: last line of file ends without a newline
  #endif //__LV_UEFI_DISPLAY_H__
..\APP\User\Tasks\Src\user_hw_init.c(48): warning:  #1-D: last line of file ends without a newline
  }	
..\APP\User\Tasks\Src\user_hw_init.c: 13 warnings, 0 errors
linking...
Program Size: Code=203884 RO-data=18256 RW-data=284 ZI-data=113564  
FromELF: creating hex file...
"SWatch\SWatch.axf" - 0 Error(s), 13 Warning(s).

<h2>Software Packages used:</h2>

Package Vendor: ARM
                http://www.keil.com/pack/ARM.CMSIS.5.5.1.pack
                ARM.CMSIS.5.5.1
                CMSIS (Cortex Microcontroller Software Interface Standard)
   * Component: CORE Version: 5.2.0

Package Vendor: Keil
                https://www.keil.com/pack/Keil.STM32F4xx_DFP.2.17.1.pack
                Keil.STM32F4xx_DFP.2.17.1
                STMicroelectronics STM32F4 Series Device Support, Drivers and Examples

<h2>Collection of Component include folders:</h2>
  .\RTE\_SWatch
  C:\Users\keqiu\AppData\Local\Arm\Packs\ARM\CMSIS\5.5.1\CMSIS\Core\Include
  C:\Users\keqiu\AppData\Local\Arm\Packs\Keil\STM32F4xx_DFP\2.17.1\Drivers\CMSIS\Device\ST\STM32F4xx\Include

<h2>Collection of Component Files used:</h2>

   * Component: ARM::CMSIS:CORE:5.2.0
Build Time Elapsed:  00:00:05
</pre>
</body>
</html>
