*** Using Compiler 'V5.06 update 6 (build 750)', folder: 'C:\Users\keqiu\study\software\Keil_v5\ARM\ARMCC\Bin'
Build target 'SWatch'
compiling ui_HomePage.c...
../Middlewares/lvgl/src/drivers/uefi/lv_uefi_context.h(71): warning:  #1-D: last line of file ends without a newline
  #endif //__LV_UEFI_CONTEXT_H__
../Middlewares/lvgl/src/drivers/uefi/lv_uefi_indev.h(108): warning:  #1-D: last line of file ends without a newline
  #endif //__LV_UEFI_INDEV_H__
../Middlewares/lvgl/src/drivers/uefi/lv_uefi_display.h(65): warning:  #1-D: last line of file ends without a newline
  #endif //__LV_UEFI_DISPLAY_H__
../APP/User/UI/screens/Inc/../../../Utils/Inc/page_manager.h(27): warning:  #1295-D: Deprecated declaration pages_init - give arg types
  void pages_init();
../APP/User/UI/screens/Inc/../../../Utils/Inc/page_manager.h(31): warning:  #1295-D: Deprecated declaration page_back - give arg types
  void page_back();
../APP/User/UI/screens/Inc/../../../Utils/Inc/page_manager.h(33): warning:  #1295-D: Deprecated declaration get_top_page - give arg types
  page_t* get_top_page();
../APP/User/UI/screens/Inc/../../../Utils/Inc/page_manager.h(35): warning:  #1-D: last line of file ends without a newline
  #endif 
../APP/User/HWInterface/Inc/device.h(19): warning:  #1-D: last line of file ends without a newline
  #endif
../APP/User/HWInterface/Inc/hw_aht20_interface.h(19): warning:  #1-D: last line of file ends without a newline
  #endif
../APP/User/HWInterface/Inc/hw_mpu6050_interface.h(26): warning:  #1-D: last line of file ends without a newline
  #endif
../APP/User/HWInterface/Inc/hw_barometer_interface.h(15): warning:  #1-D: last line of file ends without a newline
  #endif 
../APP/User/HWInterface/Inc/hw_ecompass_interface.h(16): warning:  #1-D: last line of file ends without a newline
  #endif // __HW_ECOMPASS_INTERFACE_H
../APP/User/HWInterface/Inc/hw_hrsensor_interface.h(18): warning:  #1-D: last line of file ends without a newline
  #endif // HW_HRSENSOR_INTERFACE_
../APP/User/HWInterface/Inc/hw_ble_interface.h(19): warning:  #1-D: last line of file ends without a newline
  #endif /* HW_BLE_INTERFACE_H */
../APP/User/HWInterface/Inc/hw_rtc_interface.h(34): warning:  #1-D: last line of file ends without a newline
  #endif // HW_RTC_INTERFACE_H
../APP/User/HWInterface/Inc/hw_interface.h(31): warning:  #1-D: last line of file ends without a newline
  #endif
..\APP\User\UI\screens\Src\ui_HomePage.c(88): warning:  #223-D: function "sprintf" declared implicitly
              sprintf((char*)value_buffer, "%d/%d",ui_DateMonthValue,ui_DateDayValue);
..\APP\User\UI\screens\Src\ui_HomePage.c(98): warning:  #223-D: function "sprintf" declared implicitly
              sprintf((char*)value_buffer, "%02d",ui_TimeHourValue);
..\APP\User\UI\screens\Src\ui_HomePage.c(163): warning:  #223-D: function "sprintf" declared implicitly
      sprintf((char*)value_buffer, "%02d",ui_TimeHourValue);
..\APP\User\UI\screens\Src\ui_HomePage.c(332): warning:  #188-D: enumerated type mixed with another type
                         LV_OBJ_FLAG_CLICKABLE | LV_OBJ_FLAG_SCROLL_ELASTIC | LV_OBJ_FLAG_SCROLL_CHAIN);      /// Flags
..\APP\User\UI\screens\Src\ui_HomePage.c(347): warning:  #188-D: enumerated type mixed with another type
      lv_obj_remove_flag(ui_UpBGPanel, LV_OBJ_FLAG_CLICKABLE | LV_OBJ_FLAG_SCROLLABLE);      /// Flags
..\APP\User\UI\screens\Src\ui_HomePage.c(354): warning:  #188-D: enumerated type mixed with another type
      lv_obj_add_flag(ui_NFCButton, LV_OBJ_FLAG_CHECKABLE | LV_OBJ_FLAG_SCROLL_ON_FOCUS);     /// Flags
..\APP\User\UI\screens\Src\ui_HomePage.c(366): error:  #20: identifier "ui_font_iconfont34" is undefined
      lv_obj_set_style_text_font(ui_NFCLabel, &ui_font_iconfont34, LV_PART_MAIN | LV_STATE_DEFAULT);
..\APP\User\UI\screens\Src\ui_HomePage.c(373): warning:  #188-D: enumerated type mixed with another type
      lv_obj_add_flag(ui_BLEButton, LV_OBJ_FLAG_CHECKABLE | LV_OBJ_FLAG_SCROLL_ON_FOCUS);     /// Flags
..\APP\User\UI\screens\Src\ui_HomePage.c(462): warning:  #188-D: enumerated type mixed with another type
      lv_obj_remove_flag(ui_DownBGPanel, LV_OBJ_FLAG_CLICKABLE | LV_OBJ_FLAG_CLICK_FOCUSABLE |
..\APP\User\UI\screens\Src\ui_HomePage.c: 24 warnings, 1 error
"SWatch\SWatch.axf" - 1 Error(s), 24 Warning(s).
Target not created.
Build Time Elapsed:  00:00:18
